Loading checkpoint shards:   0%|          | 0/2 [00:00<?, ?it/s]Loading checkpoint shards:  50%|█████     | 1/2 [00:00<00:00,  8.28it/s]Loading checkpoint shards: 100%|██████████| 2/2 [00:00<00:00, 11.49it/s]
<env>/lib/python3.10/site-packages/transformers/models/auto/image_processing_auto.py:513: FutureWarning: The image_processor_class argument is deprecated and will be removed in v4.42. Please use `slow_image_processor_class`, or `fast_image_processor_class` instead
  warnings.warn(
[pope_test_random.json] 2000 probes | crops 4->16
<repo>/haram_vlm_implementation/src/model/Phi3_vision/image_embedding_phi3_v.py:197: UserWarning: Phi-3-V modifies `input_ids` in-place and the tokens indicating images will be removed after model forward. If your workflow requires multiple forward passes on the same `input_ids`, please make a copy of `input_ids` before passing it to the model.
  warnings.warn(
You are not running the flash-attention implementation, expect numerical differences.
  200/2000 (156s)
  400/2000 (311s)
  600/2000 (461s)
  800/2000 (614s)
  1000/2000 (764s)
  1200/2000 (917s)
  1400/2000 (1071s)
  1600/2000 (1222s)
  1800/2000 (1373s)
  2000/2000 (1527s)
  always-low : acc=0.928 halluc=5.0% tok=774
  always-high: acc=0.938 halluc=6.4% tok=2031
  adaptive@acc~high: tau=0.76 acc=0.932 halluc=6.0% tok=977 esc_rate=0.10
  -> <work>/adaptive_pareto/adaptive_random.json
