Loading checkpoint shards:   0%|          | 0/2 [00:00<?, ?it/s]Loading checkpoint shards:  50%|█████     | 1/2 [00:00<00:00,  7.65it/s]Loading checkpoint shards: 100%|██████████| 2/2 [00:00<00:00, 10.40it/s]
<env>/lib/python3.10/site-packages/transformers/models/auto/image_processing_auto.py:513: FutureWarning: The image_processor_class argument is deprecated and will be removed in v4.42. Please use `slow_image_processor_class`, or `fast_image_processor_class` instead
  warnings.warn(
[pope_test_popular.json] 2000 probes | crops 4->16
<repo>/haram_vlm_implementation/src/model/Phi3_vision/image_embedding_phi3_v.py:197: UserWarning: Phi-3-V modifies `input_ids` in-place and the tokens indicating images will be removed after model forward. If your workflow requires multiple forward passes on the same `input_ids`, please make a copy of `input_ids` before passing it to the model.
  warnings.warn(
You are not running the flash-attention implementation, expect numerical differences.
  200/2000 (158s)
  400/2000 (314s)
  600/2000 (469s)
  800/2000 (627s)
  1000/2000 (779s)
  1200/2000 (934s)
  1400/2000 (1095s)
  1600/2000 (1251s)
  1800/2000 (1406s)
  2000/2000 (1554s)
  always-low : acc=0.937 halluc=3.6% tok=774
  always-high: acc=0.945 halluc=4.1% tok=2031
  adaptive@acc~high: tau=0.64 acc=0.941 halluc=3.6% tok=862 esc_rate=0.04
  -> <work>/adaptive_pareto/adaptive_popular.json
