Loading checkpoint shards:   0%|          | 0/2 [00:00<?, ?it/s]Loading checkpoint shards:  50%|█████     | 1/2 [00:00<00:00,  6.15it/s]Loading checkpoint shards: 100%|██████████| 2/2 [00:00<00:00,  7.68it/s]
<env>/lib/python3.10/site-packages/transformers/models/auto/image_processing_auto.py:513: FutureWarning: The image_processor_class argument is deprecated and will be removed in v4.42. Please use `slow_image_processor_class`, or `fast_image_processor_class` instead
  warnings.warn(
[pope_test_adversarial.json] 2000 probes | crops 4->16
<repo>/haram_vlm_implementation/src/model/Phi3_vision/image_embedding_phi3_v.py:197: UserWarning: Phi-3-V modifies `input_ids` in-place and the tokens indicating images will be removed after model forward. If your workflow requires multiple forward passes on the same `input_ids`, please make a copy of `input_ids` before passing it to the model.
  warnings.warn(
You are not running the flash-attention implementation, expect numerical differences.
  200/2000 (153s)
  400/2000 (311s)
  600/2000 (470s)
  800/2000 (632s)
  1000/2000 (785s)
  1200/2000 (944s)
  1400/2000 (1105s)
  1600/2000 (1262s)
  1800/2000 (1417s)
  2000/2000 (1561s)
  always-low : acc=0.897 halluc=11.3% tok=774
  always-high: acc=0.909 halluc=11.6% tok=2031
  adaptive@acc~high: tau=0.68 acc=0.905 halluc=11.0% tok=980 esc_rate=0.10
  -> <work>/adaptive_pareto/adaptive_adversarial.json
